// memory
80003458:memset
80003540:memcpy

// m_Do_ext.o
// text
8000EDA8:getArchiveHeapPtr

// d_stage
800267B4:roomTresureInit
80027DAC:setTresure

// data
80452BF4:archiveHeap

// d_save.o
80032B50:getRupeeMax
800351EC:getSave
80035220:putSave

// d_event.o
800428A8:defaultSkipStb
80042B04:skipper

// f_op_scene_req.o
// data
804525D4:freezeActors
80452CA0:isLoading

// f_ap_game.o
80018B14:fapGm_Execute

// f_op_actor_mng.o
8001BC90:createItemForPresentDemo
8001BD1C:createItemForTrBoxDemo
8001C17C:createItemForBoss
8001C21C:createItemForMidBoss
8001C260:createItemForDirectGet

// d_map_path_dmap.o
8003EF8C:getMapPlayerPos

// d_item.o
80098010:checkItemGet

// d_a_alink.h
800B2928:setStickData
800BB6C4:checkHeavyStateOn
8011A908:checkTreasureRupeeReturn
8011EC04:procGanonFinishInit
8011EC84:procGanonFinish
800c7a00:procCoMetamorphoseInit
800d9148:procDamageInit
801362f8:procWolfDamageInit

// data
8039038C:ladderVars

// d_menu_collect.o
801B3598:setWalletMaxNum

// d_meter2_draw.o
802150b8:setAlphaLifeAnimeMin
80215118:setAlphaLifeAnimeMax

// JKRHeap.o
802cfa98:__nw_JKRHeap
802cfb3c:__dl_JKRHeap

// JKRExpHeap.o
802CFF28:do_alloc_JKRExpHeap
802D05AC:do_free_JKRExpHeap

// OSCache.o
// 8033C36C:DCEnable
// 8033C380:DCInvalidateRange
8033C3AC:DCFlushRange
// 8033C3DC:DCStoreRange
// 8033C40C:DCFlushRangeNoSync
// 8033C438:DCStoreRangeNoSync
// 8033C464:DCZeroRange
8033C490:ICInvalidateRange
// 8033C4C4:ICFlashInvalidate
// 8033C4D4:ICEnable
// 8033C4E8:__LCEnable
// 8033C5B4:LCEnable
// 8033C5EC:LCDisable
// 8033C614:LCStoreBlocks
// 8033C638:LCStoreData
// 8033C6E4:LCQueueWait
// 8033C6F8:L2GlobalInvalidate
// 8033C790:DMAErrorHandler
// 8033C8F0:__OSCacheInit

// os.o
800000F8:__OSBusClock

// OSTime.o
80343568:OSGetTime

// runtime.o
80362F38:_savefpr_14
80362F3C:_savefpr_15
80362F40:_savefpr_16
80362F44:_savefpr_17
80362F48:_savefpr_18
80362F4C:_savefpr_19
80362F50:_savefpr_20
80362F54:_savefpr_21
80362F58:_savefpr_22
80362F5C:_savefpr_23
80362F60:_savefpr_24
80362F64:_savefpr_25
80362F68:_savefpr_26
80362F6C:_savefpr_27
80362F70:_savefpr_28
80362F74:_savefpr_29
80362F78:_savefpr_30
80362F7C:_savefpr_31
80362FD0:_savegpr_14
80362FD4:_savegpr_15
80362FD8:_savegpr_16
80362FDC:_savegpr_17
80362FE0:_savegpr_18
80362FE4:_savegpr_19
80362FE8:_savegpr_20
80362FEC:_savegpr_21
80362FF0:_savegpr_22
80362FF4:_savegpr_23
80362FF8:_savegpr_24
80362FFC:_savegpr_25
80363000:_savegpr_26
80363004:_savegpr_27
80363008:_savegpr_28
8036300C:_savegpr_29
80363010:_savegpr_30
80363014:_savegpr_31
8036328C:__umoddi3

// mem.o
80366EBC:memcmp

// printf.o
8036730C:sprintf
803673EC:snprintf

// string.o
803697C4:strcmp
80369918:strncpy
8036995C:strcpy

// m_Do_controller_pad.o
// data
803DF288:cpadInfo

// d_com_inf_game.o
// data
80408160:dComIfG_gameInfo

// d_kankyo.o
// data
8042EA14:env_light

// JFWSystem.o
// data
80453180:systemConsole

//d_item_data.o
803ae280:item_resource
803afa68:field_item_res
803b0a58:item_info

80432148:g_meter2_info

80254ee0:setBlackWhite

8021b18c:drawItemNum

802159a4:setAlphaKanteraAnimeMin
80215a20:setAlphaKanteraAnimeMax

800342b0:isCollect

80034aec:isEventBit

800c2178:commonProcInit

80120330:procCoWarp

80140244:setClothesChange

800e1580:getCopyRodControllActor

801ee31c:getItemNum

800330d8:getItem

8043082c:g_mwHIO

801fa0d8:getBombFlag

800e1c3c:returnCopyRod

80034ad4:offEventBit

80141610:ChkGroundHit

800c6c54:procFallInit

80430b88:g_drawHIO

8021576c:drawKantera

80224cc8:alphaAnimeKantera

8002ef58:setSelectEquipClothes

800cf4d4:checkSpinnerRide

8010dd34:checkSpinnerTriggerAttack

800c7304:procSmallJumpInit

80034abc:onEventBit

80032b04:getSelectItemIndex

8002ddb0:dComIfGs_setMixItemIndex

8002dd6c:dComIfGs_setSelectItemIndex

8002de9c:dComIfGp_setSelectItem

8002dde4:dComIfGs_getSelectMixItemNoArrowIndex

8021ae48:setItemNum

8002e668:dComIfGp_getSelectItemNum
8002e730:dComIfGp_getSelectItemMaxNum
8002de70:dComIfGs_getMixItemIndex

801fa0e0:getArrowFlag
80225cbc:isArrowEquip

8021b38c:isButtonVisible
801fa0e8:getPachinkoFlag
80225d28:isPachinkoEquip

802d6938:JKRArchivePub_getGlbResource

802a8a54:getResource_groupID
80215178:drawKanteraScreen

800d74c8:setDamagePoint
801ecdd8:drawItem
801ed260:drawItem2

800c890c:execute_
800dec48:makeArrow

8021ecd8:_create
800e08c4:throwBoomerang
800c0884:checkCastleTownUseItem

802a8820:setMessageCode_inSequence
800e1b28:throwCopyRod

8019b664:dispWait_init
8019b800:saveMove_proc
8019ba14:deleteWait_init

800e22d4:procCopyRodSwingInit
80115988:procIronBallThrowInit
80115460:checkUpperItemActionIronBall
800250bc:dStage_playerInit

8001b110:fopAcM_orderTalkEvent
80217910:drawButtonR

80097fbc:execItemGet

80118c04:setDemoBodyBck

8007366c:LockOnTarget

801fa25c:dMw_DOWN_TRIGGER

800e1668:checkCopyRodTopUse

80220444:moveKantera

80224618:moveArrowNum

802240c4:moveBombNum
80224944:movePachinkoNum

801aef10:kantera_iconDraw

800e06b8:checkBoomerangThrowAnime
80033060:setItem

80033f08:onFirstBit

800b98b0:itemUnequip

80033f3c:offFirstBit
80027218:changeScene
8009dc6c:checkStageName
80033f70:isFirstBit

802ad30c:z2SeMgr_seStartLevel
802ac784:z2SeMgr_seStart
80452d24:mStayNo
80453330:mAudioMgrPtr
8021936c:setAlphaButtonAnimeMax
802253b8:alphaAnimeButton
800c2fb0:commonProcInitNotSameProc
8038f81c:crouchVars
800b27d8:itemTriggerCheck
800ac65c:getMainBckData
800dd224:setShieldGuard
800bfbfc:setItemActor
800c68e8:procDiveJumpInit
800c789c:procCrouchInit
800b2894:spActionTrigger
800b28c4:swordSwingTrigger
800dcffc:checkUpperGuardAnime
803914a8:m_anmDataTable
80141578:offNoResetFlg2
80141328:onNoResetFlg2
8015ec54:checkBombItem
800cf490:checkHorseRide
802678e4:cXyzAdd
80267984:cXyzMultiply
800b8b3c:checkReadyItem
80019eac:fopAcM_fastCreate
800c6074:procAutoJumpInit
800e5dc0:setGrabItemActor
8002e8e4:dComIfGp_addSelectItemNum
8038ee64:something
800e3fc8:setGrabUpperAnime
800f9680:procCrawlMoveInit
800bb114:checkNextActionFromCrouch
80019d24:fopAcM_delete
80023620:fpcSch_JudgeForPName
800198a0:fopAcIt_Judge
80019e40:fopAcM_create
800ad218:setSingleAnime
80218988:setAlphaButtonMapAnimeMax
80101a9c:checkZoraWearMaskDraw
800d98e8:procCoLargeDamageInit
8021a72c:changeTextureItemB