// memory
80003458:memset
80003540:memcpy

// m_Do_ext.o
// text
8000EDF4:getArchiveHeapPtr

// d_stage
800266A4:roomTresureInit
80027170:changeScene
80027D04:setTresure

80266B84:cXyzMultiply
80266AE4:cXyzAdd

// data
80450C34:archiveHeap

// d_save.o
80032a5c:getSelectItemIndex
80032AA8:getRupeeMax
80032fb8:setItem
80033030:getItem
80034208:isCollect
80034918:onDungeonItem
80034934:isDungeonItem
8003498c:onEventBit
800349a4:offEventBit
800349bc:isEventBit
800350BC:getSave
800350F0:putSave

// d_event.o
80042778:defaultSkipStb
800429D4:skipper

// f_op_scene_req.o
// data
80450614:freezeActors
80450CE0:isLoading

802d5b38:JKRArchivePub_getGlbResource

80254458:setBlackWhite

800beaf8:checkSceneChange

8002eeb0:setSelectEquipClothes

80141264:dComIfGs_isItemFirstBit

8015f660:checkRoomRestartStart

8019b384:playerAnmWait_Init
8019b40c:dispWait_init
8019b5a8:saveMove_proc
8019b7bc:deleteWait_init

80025014:dStage_playerInit
80267954:randVal
80207c34:setAlphaButtonXAnimeMax
802186c4:setAlphaButtonMapAnimeMax

801f9f98:dMw_DOWN_TRIGGER
801f9fac:dMw_LEFT_TRIGGER
801f9ff4:dMw_RIGHT_TRIGGER
801fa078:dMw_START_TRIGGER

8021c218:resetFloatingMessage

802ab984:z2SeMgr_seStart

80451368:mAudioMgrPtr

801aecb8:kantera_iconDraw

804563d4:j3dDefaultTevColor

// f_ap_game.o
80018A6C:fapGm_Execute

800cc7fc:drawLink
80101890:checkZoraWearMaskDraw

// f_op_actor_mng.o
800197f8:fopAcIt_Judge
80019a2c:fopAcM_SearchByName
80019c7c:fopAcM_delete
80019d98:fopAcM_create
80019e04:fopAcM_fastCreate
8001b068:fopAcM_orderTalkEvent
8001bb14:fopAcM_getTalkEventPartner
8001BBE8:createItemForPresentDemo
8001BC74:createItemForTrBoxDemo
8001C0D4:createItemForBoss
8001C174:createItemForMidBoss
8001C1B8:createItemForDirectGet

// f_pc_node_req
803A3A38:l_fpcNdRq_Queue

802ac50c:z2SeMgr_seStartLevel

// d_map_path_dmap.o
8003EE5C:getMapPlayerPos

// d_item.o
80097e8c:execItemGet
80097EE0:checkItemGet
80033e60:onFirstBit
80033e94:offFirstBit
80033ec8:isFirstBit

8007353c:LockOnTarget
80450D64:mStayNo
8021a468:changeTextureItemB
802557d0:setAlphaRate
80215380:setAlphaMagicChange
8021151C:drawMeter
802f6ff8:resizeee
800ade14:setBlendMoveAnime

// d_timer
8025ca0c:timerCreate
8025d33c:timerDraw
8025d618:timerStart
80260574:createStart

80034a1c:initMinigame

// d_a_alink.o
80023578:fpcSch_JudgeForPName
8009da60:checkStageName
800a7050:setIceSlipSpeed
800ad00c:setSingleAnime
800b25cc:itemTriggerCheck
800b2688:spActionTrigger
800b26b8:swordSwingTrigger
800B271C:setStickData
800b6a30:checkFrontWallTypeAction
800b72e4:checkItemActorPointer
800b8930:checkReadyItem
800b93f4:swordEquip
800b9580:swordUnequip
800b96a4:itemUnequip
800ba0d0:checkNextAction
800bb324:setMagicArmorBrk
800BB4B8:checkHeavyStateOn
800bbf68:posMove
800bf124:seStartOnlyReverb
800bf9f0:setItemActor
800c0678:checkCastleTownUseItem
800c1f6c:commonProcInit
800c36cc:procMoveInit
800c3730:procMove
800c494c:procFrontRollInit
800c5160:procFrontRollSuccessInit
800c5328:procSideRollInit
800c57a4:procBackJumpInit
800c6a48:procFallInit
800c70f8:procSmallJumpInit
800c8700:execute_
800ce8a0:setBodyAngleToCamera
800cf284:checkHorseRide
800cf2c8:checkSpinnerRide
800d00d0:ChkRoofHit
800d2f58:procCutNormalInit
800d42fc:procCutJumpInit
800d72bc:setDamagePoint
800d96dc:procCoLargeDamageInit
800dda10:procGuardAttackInit
800dea3c:makeArrow
800deae4:deleteArrow
800dfd6c:procBowSubjectInit
800dffe0:checkBoomerangLockAccept
800e01cc:cancelBoomerangLock
800e0244:checkBoomerangChargeEnd
800e02b8:checkBoomerangCarry
800e04ac:checkBoomerangThrowAnime
800e06b8:throwBoomerang
800e0a9c:checkUpperItemActionBoomerang
800e0e64:setBoomerangSight
800e0fa0:procBoomerangSubject
800e1374:getCopyRodControllActor
800e145c:checkCopyRodTopUse
800e158c:setCopyRodControllAnime
800e191c:throwCopyRod
800e1a30:returnCopyRod
800e1c44:checkNextActionCopyRod
800e20c8:procCopyRodSwingInit
800e21fc:procCopyRodSwing
800e3dbc:setGrabUpperAnime
800e3f20:checkGrabRooster
800e5bb4:setGrabItemActor
80104c50:procSwimHookshotSubjectInit
801090ec:initHookshotUpperAnimeSpeed
80109aac:setHookshotTopPosFly
80109bdc:setHookshotPos
8010baa8:procHookshotSubjectInit
8010bc08:procHookshotMoveInit
8010bd90:procHookshotFlyInit
8010c9f4:procHookshotRoofWait
8010cc80:procHookshotRoofShootInit
8010d38c:procHookshotWallWait
8010db28:checkSpinnerTriggerAttack
80110e80:setTevColor
80115254:checkUpperItemActionIronBall
8011577c:procIronBallThrowInit
801189f8:setDemoBodyBck
8011A6FC:checkTreasureRupeeReturn
8011E9F8:procGanonFinishInit
8011EA78:procGanonFinish
8011f7d8:dungeonReturnWarp
8011fd4c:procCoWarpInit
80120124:procCoWarp
801211c0:setFootEffectProcType
80126f3c:changeLink
8014111c:onNoResetFlg2
8014112c:offNoResetFlg0
8014136c:offNoResetFlg2
801413cc:checkWolf
80141404:ChkGroundHit
801414c0:checkNoResetFlg2
8014189c:checkHookshotShootReturnMode
80141988:setLinkState
801419b8:dMeter2Info_setFloatingMessage
8015ea48:checkBombItem
8015f2fc:setSight
8015f89c:checkBoomerangCharge
800BAF08:checkNextActionFromCrouch
800c2da4:commonProcInitNotSameProc
800C7690:procCrouchInit
800C77F4:procCoMetamorphoseInit
800d8f3c:procDamageInit
800ac450:getMainBckData
800c5e68:procAutoJumpInit
800c66dc:procDiveJumpInit
800dcdf0:checkUpperGuardAnime
800dd018:setShieldGuard
800e1060:procBoomerangMoveInit
800f9474:procCrawlMoveInit
801360ec:procWolfDamageInit
80140038:setClothesChange
80140064:setShieldChange
8038d664:something
8038e01c:crouchVars
8038e068:jumpStuff
8038e658:bowVars
8038d6bc:moveVars
8038fca8:m_anmDataTable
8038fbd4:m_mainBckShield
80439a20:sincosTable_

// d_a_obj_item.o
8015c200:procInitGetDemoEvent

// d_a_player.o
80451018:m_midnaActor

// data
8038EB8C:ladderVars

// d_menu_collect.o
801B3340:setWalletMaxNum

// d_menu_ring
801ecb14:drawItem
801ecf9c:drawItem2
801ee058:getItemNum

// d_menu_window.o
801fa03c:dMw_A_TRIGGER
801fa050:dMw_B_TRIGGER

// d_menu_window_HIO.o
801f9e14:getBombFlag
801f9e1c:getArrowFlag
801f9e24:getPachinkoFlag
8042e86c:g_mwHIO

// d_meter2.o
8021ea14:_create
8021FD60:moveLife
80220180:moveKantera
80223e00:moveBombNum
80224354:moveArrowNum
80224680:movePachinkoNum
80224a04:alphaAnimeKantera
80224bac:alphaAnimeOxygen
802250f4:alphaAnimeButton
802259f8:isArrowEquip
80225a64:isPachinkoEquip

// d_meter2_draw.o
80214df4:setAlphaLifeAnimeMin
80214e54:setAlphaLifeAnimeMax
802156e0:setAlphaKanteraAnimeMin
8021575c:setAlphaKanteraAnimeMax
80215a18:setAlphaOxygenAnimeMin
80215a94:setAlphaOxygenAnimeMax
80214eb4:drawKanteraScreen
802154a8:drawKantera
8021764c:drawButtonR
802190a8:setAlphaButtonAnimeMax
80219e98:setButtonIconAlpha
8021a2f4:getActionString
8021ab84:setItemNum
8021aec8:drawItemNum
8021b0c8:isButtonVisible

// d_meter2_info.o
8021ca70:warpOutProc
8021e5d4:dMeter2Info_setShield
80430188:g_meter2_info

// processor.o
802a7c54:getResource_groupID

// d_meter_HIO.o
8042ebc8:g_drawHIO

// JKRHeap.o
802CEC98:__nw_JKRHeap
802CED3C:__dl_JKRHeap

// JKRExpHeap.o
802CF128:do_alloc_JKRExpHeap
802CF7AC:do_free_JKRExpHeap

// OSCache.o
// 8033B56C:DCEnable
// 8033B580:DCInvalidateRange
8033B5AC:DCFlushRange
// 8033B5DC:DCStoreRange
// 8033B60C:DCFlushRangeNoSync
// 8033B638:DCStoreRangeNoSync
// 8033B664:DCZeroRange
8033B690:ICInvalidateRange
// 8033B6C4:ICFlashInvalidate
// 8033B6D4:ICEnable
// 8033B6E8:__LCEnable
// 8033B7B4:LCEnable
// 8033B7EC:LCDisable
// 8033B814:LCStoreBlocks
// 8033B838:LCStoreData
// 8033B8E4:LCQueueWait
// 8033B8F8:L2GlobalInvalidate
// 8033B990:DMAErrorHandler
// 8033BAF0:__OSCacheInit

// os.o
800000F8:__OSBusClock

// OSTime.o
803426fc:OSGetTime

// runtime.o
80362108:_savefpr_14
8036210C:_savefpr_15
80362110:_savefpr_16
80362114:_savefpr_17
80362118:_savefpr_18
8036211C:_savefpr_19
80362120:_savefpr_20
80362124:_savefpr_21
80362128:_savefpr_22
8036212C:_savefpr_23
80362130:_savefpr_24
80362134:_savefpr_25
80362138:_savefpr_26
8036213C:_savefpr_27
80362140:_savefpr_28
80362144:_savefpr_29
80362148:_savefpr_30
8036214C:_savefpr_31
803621A0:_savegpr_14
803621A4:_savegpr_15
803621A8:_savegpr_16
803621AC:_savegpr_17
803621B0:_savegpr_18
803621B4:_savegpr_19
803621B8:_savegpr_20
803621BC:_savegpr_21
803621C0:_savegpr_22
803621C4:_savegpr_23
803621C8:_savegpr_24
803621CC:_savegpr_25
803621D0:_savegpr_26
803621D4:_savegpr_27
803621D8:_savegpr_28
803621DC:_savegpr_29
803621E0:_savegpr_30
803621E4:_savegpr_31
8036245C:__umoddi3

// mem.o
8036608C:memcmp

// printf.o
803664DC:sprintf
803665BC:snprintf

// string.o
80368994:strcmp
80368AE8:strncpy
80368B2C:strcpy


// m_Do_controller_pad.o
// data
803DD2E8:cpadInfo

// d_com_inf_game.o
8002dcc4:dComIfGs_setSelectItemIndex
8002dd08:dComIfGs_setMixItemIndex
8002ddf4:dComIfGp_setSelectItem
8002dd3c:dComIfGs_getSelectMixItemNoArrowIndex
8002ddc8:dComIfGs_getMixItemIndex
8002e83c:dComIfGp_addSelectItemNum
8002e5c0:dComIfGp_getSelectItemNum
8002e688:dComIfGp_getSelectItemMaxNum
// data
804061C0:dComIfG_gameInfo

8002ef94:setSelectEquipShield

802b5f70:heartGaugeOn
800c3224:procTiredWaitInit
800c3338:procTiredWait
800c33b8:procWaitInit
800c3504:procWait

// control.o
80233d04:setMessageIndex
802a77e8:setMessageCode
802a7a20:setMessageCode_inSequence
802a8944:process_setMessageCode

// d_kankyo.o
// data
8042CA54:env_light

// JFWSystem.o
// data
804511B8:systemConsole

//d_item_data.o
803AC5A0:item_resource
803ADD88:field_item_res
803AED78:item_info