// special
// right before m_Do_graphic::mDoGph_gInf_c::m_aspect
8051d6c8:isWidescreen
800120bc:dbg_inst

// memory
8000443c:memset
80004338:memcpy
8024d6a8:memalign

// OSModule.o
800030C8:osModuleList

// m_Do_printf.o
80009218:OSReport

// m_Do_ext.o
// text
80014a5c:getArchiveHeapPtr

// m_Do_MemCard.o
// data
804419e0:MemCardWorkArea0

8001f54c:fopAcIt_Judge

800b6908:checkZoraWearAbility

800d02fc:procCoLargeDamageInit

80202f8c:changeTextureItemB

80200a30:setAlphaButtonMapAnimeMax

800335d4:setSelectEquipClothes

80521088:mAudioMgrPtr

8028fe00:z2SeMgr_seStart

80290bfc:z2SeMgr_seStartLevel

801498cc:checkRoomRestartStart

80191a5c:kantera_iconDraw

// d_stage
8002ae74:roomTresureInit
8002bfbc:setTresure
8002994c:ActorCreate
8002a370:actorInit
8002a42c:actorInit_always
8002a1f0:actorCommonLayerInit
8002a4d0:tgscInfoInit
8002b2bc:roomLoader
8002b938:changeScene

80250c84:cXyzMultiply
80250d0c:cXyzAdd

// data
80520878:AssertHeap
8052087c:DbPrintHeap
80520880:gameHeap
80520884:zeldaHeap
80520888:commandHeap
8052088c:archiveHeap
80520890:j2dHeap
80520894:HostIOHeap

// d_save.o
8003742c:getRupeeMax
8003944c:getSave
8003947c:putSave
80038d74:onEventBit
80038d8c:offEventBit
80037518:isDarkClearLV
80037554:isTransformLV
803ba750:saveBitLabels
80038690:onCollectMirror
80038654:onCollectCrystal
80037850:setItem
8003833c:onFirstBit
80038d38:isDungeonItem
80038da4:isEventBit
80038c18:onSwitch_dSv_memBit
80038c68:isSwitch_dSv_memBit
800373e0:getSelectItemIndex
800378c4:setLineUpItem
80038770:onLightDropGetFlag
8003a090:getItem

// d_event.o
80045914:defaultSkipStb
80045b64:skipper

// d_pane_class.o
8023fdd4:setBlackWhite

// DynamicLink.o
8024d12c:do_link
8024d3c4:do_unlink
80520e50:m_heap

// f_op_draw_tag.o
80465970:matrixInfo

// f_op_scene_req.o
// data
805209d0:g_dComIfAc_gameInfo
805209d4:freezeActors
805208e8:sConsole
805208f0:bossFlags
80520914:fopAc_ac_c__stopStatus
80520930:isLoading
80520970:homeMenuSts

// f_ap_game.o
8001e79c:fapGm_Execute

// f_op_actor_mng.o
8001f90c:fopAcM_delete
8001f954:fopAcM_create
800208f4:fopAcM_orderTalkEvent
80021410:createItemForPresentDemo
8002149c:createItemForTrBoxDemo
80021968:createItemForBoss
80021a28:createItemForMidBoss
80021a74:createItemForDirectGet
80028260:fpcSch_JudgeForPName
8001f764:CreateAppend
8001f9c8:fopAcM_fastCreate

// f_pc_node_req
804689e8:l_fpcNdRq_Queue

// d_map_path_dmap.o
80042624:getMapPlayerPos

// d_item.o
800920c4:checkItemGet
803f2cc8:item_func_ptr
803f30c8:item_getcheck_func_ptr
80092070:execItemGet
80092690:item_func_WOOD_STICK

// d_item_data.o
803f00e0:item_resource
803f18dc:field_item_res
800345f4:item_info

80071784:LockOnTarget

// d_a_alink.o
800a3e04:getMainBckData
800a490c:setSingleAnime
800a98d0:setStickData
800b0844:itemUnequip
800b2580:checkNextActionFromCrouch
800b2a54:checkHeavyStateOn
800b656c:setItemActor
800b9b6c:commonProcInitNotSameProc
800b71d4:checkCastleTownUseItem
800b8c50:commonProcInit
800bccb0:procAutoJumpInit
800bd050:procAutoJump
800bd560:procDiveJumpInit
800bd628:procDiveJump
800bd8e4:procFallInit
800bdf8c:procSmallJumpInit
800be504:procCrouchInit
800be574:procCrouch
800bf690:execute_
800c6584:checkHorseRide
800c6670:checkBoomerangReadyAnime
800c6748:checkSpinnerRide
800ce07c:setDamagePoint
800cfc44:procDamageInit
800d341c:checkUpperGuardAnime
800d35d4:setShieldGuard
800d4cdc:makeArrow
800d4d84:deleteArrow
800d6588:checkBoomerangLockAccept
800d695c:checkBoomerangThrowAnime
800d6bf8:throwBoomerang
800d78c0:procBoomerangMoveInit
800d7bbc:getCopyRodControllActor
800d7c64:checkCopyRodTopUse
800d80d4:throwCopyRod
800d822c:returnCopyRod
800d8b08:procCopyRodSwingInit
800da03c:setGrabUpperAnime
800da1d0:checkGrabRooster
800db7f0:setGrabItemActor
800eec58:procCrawlStartInit
800eedc0:procCrawlStart
800eeea8:procCrawlMoveInit
800eeff0:procCrawlMove
800ef424:procCrawlAutoMoveInit
800ef4d8:procCrawlAutoMove
800ef784:procCrawlEndInit
800ef92c:procCrawlEnd
80101ea8:checkSpinnerTriggerAttack
80108e5c:checkUpperItemActionIronBall
80109500:procIronBallThrowInit
8010c6a4:setDemoBodyBck
8010e150:checkTreasureRupeeReturn
80112420:procGanonFinishInit
801124a4:procGanonFinish
80113bd4:procCoWarp
80128010:procWolfDamageInit
80131680:setClothesChange
80148f7c:checkBombItem
//806d4cd8:dComIfGs_isEventBit
803ceb00:something
803d4494:getSeType
80096b4c:checkStageName
800c8f74:checkDownAttackState
800be650:procCoMetamorphoseInit
8010a590:checkEventRun
//8044B5CC:linkStatus
800d8ed8:checkBootsMoveAnime
800d36bc:offNoResetFlg2
8010d904:procCoTalkInit
803cf504:jumpStuff
803d1110:m_anmDataTable
8009f26c:offNoResetFlg2
804ae620:sincosTable_

// data
803d0028:climbVars
803cf67c:wallMoveVars
803cfc18:lanternVars
803cfc90:ironBootsVars

// d_menu_collect.o
801979d8:setWalletMaxNum

// d_menu_ring.o
801d2198:drawItem
801d2684:drawItem2

// d_menu_window.o
801d38c8:getItemNum
801dfdf4:dMw_DOWN_TRIGGER
801dfe7c:dMw_RIGHT_TRIGGER
801dff80:dMw_START_TRIGGER

// d_menu_window_HIO.o
801df910:getBombFlag
801df918:getArrowFlag
801df920:getPachinkoFlag
804a2884:g_mwHIO

// d_meter2.o
8020be44:moveLife
8020c268:moveKantera
80210cb4:moveBombNum
802111d8:moveArrowNum
802115dc:movePachinkoNum
80211950:alphaAnimeKantera
80211de4:alphaAnimeButton
8021223c:alphaAnimeButtonCross
802127d0:isArrowEquip
80212888:isPachinkoEquip
80212a08:_create

// d_meter2_draw.o
801fcedc:setAlphaLifeAnimeMin
801fcf3c:setAlphaLifeAnimeMax
801fd788:setAlphaKanteraAnimeMin
801fd800:setAlphaKanteraAnimeMax
801fcf9c:drawKanteraScreen
801fd54c:drawKantera
801ff74c:drawButtonR
801ffc80:drawButtonNunZ
80200724:setAlphaButtonCrossAnimeMax
80201978:setAlphaButtonAnimeMax
80203600:setItemNum
8020392c:drawItemNum
80203c48:isButtonVisible

// d_meter_HIO.o
804a2be0:g_drawHIO

// JKRHeap.o
802cd510:__nw_JKRHeap
802cd544:__dl_JKRHeap

802d4440:JKRArchivePub_getGlbResource

8018099c:dispWait_init
80180b58:saveMove_proc
80180d44:deleteWait_init

800299e8:dStage_playerInit

80038634:isCollect

80038368:offFirstBit

8052099c:mStayNo

803cf4b8:crouchVars

// JKRExpHeap.o
802cd988:do_alloc_JKRExpHeap
802ce014:do_free_JKRExpHeap

// m_Re_controller_pad.o
8024d7fc:cAPICPad_DOWN_TRIGGER
8024d80c:cAPICPad_RIGHT_TRIGGER
8024d85c:cAPICPad_X_TRIGGER

// OSCache.o
80330c3c:ICInvalidateRange
80330b58:DCFlushRange

// os.o
800000F8:__OSBusClock

// OSTime.o
80339f4c:OSGetTime

// runtime.o
803a8b54:_savefpr_14
803a8b58:_savefpr_15
803a8b5c:_savefpr_16
803a8b60:_savefpr_17
803a8b64:_savefpr_18
803a8b68:_savefpr_19
803a8b6c:_savefpr_20
803a8b70:_savefpr_21
803a8b74:_savefpr_22
803a8b78:_savefpr_23
803a8b7c:_savefpr_24
803a8b80:_savefpr_25
803a8b84:_savefpr_26
803a8b88:_savefpr_27
803a8b8c:_savefpr_28
803a8b90:_savefpr_29
803a8b94:_savefpr_30
803a8b98:_savefpr_31

803a8bec:_savegpr_14
803a8bf0:_savegpr_15
803a8bf4:_savegpr_16
803a8bf8:_savegpr_17
803a8bfc:_savegpr_18
803a8c00:_savegpr_19
803a8c04:_savegpr_20
803a8c08:_savegpr_21
803a8c0c:_savegpr_22
803a8c10:_savegpr_23
803a8c14:_savegpr_24
803a8c18:_savegpr_25
803a8c1c:_savegpr_26
803a8c20:_savegpr_27
803a8c24:_savegpr_28
803a8c28:_savegpr_29
803a8c2c:_savegpr_30
803a8c30:_savegpr_31
803a8ea8:__umoddi3

// mem.o
803ab470:memcmp

// printf.o
803add1c:sprintf
803adc44:snprintf

// string.o
803ae05c:strcmp
803ae178:strncmp
803adf2c:strcpy
803adfec:strncpy
803a8570:strlen

// math
803b1f18:atan
803b2158:ceil
803b2298:copysign
803b22c4:cos
803b2398:floor
803b24dc:frexp
803b2564:ldexp
803b26d0:sin
803b27a8:tan
803b2820:acos
803b2824:asin
803b2828:atan2
803b282c:exp
803b2830:fmod
803b2834:pow
8025c144:fastSqrt
803b2a80:sqrt

// m_Do_controller_pad.o
// data
80433068:cpadInfo
80433168:m_pad

// d_com_inf_game.o
// data
80479f30:dComIfG_gameInfo
//8002b3f4:dComIfG_get_timelayer
80183ad0:dKy_daynight_check
8002f6c8:getLayerNo_common_common
//80141264:dComIfGs_isItemFirstBit
80038394:isFirstBit
//804929f4:player_get_item
80033d28:dComIfGs_Wolf_Change_Check
80032538:dComIfGs_getSelectMixItemNoArrowIndex
800325d8:dComIfGp_setSelectItem
80033a78:dComIfG_getStageRes
800324dc:dComIfGs_setSelectItemIndex
80032520:dComIfGs_setMixItemIndex
800325c8:dComIfGs_getMixItemIndex
80032688:dComIfGp_getSelectItem
80032ca8:dComIfGp_getSelectItemNum
80032d74:dComIfGp_getSelectItemMaxNum
80032f1c:dComIfGp_addSelectItemNum

// d_kankyo.o
// data
804a0a54:env_light
8018f780:dKy_darkworld_stage_check

// JFWSystem.o
// data
80520eb8:systemConsole

// Z2SceneMgr.o
8029bfa0:sceneChange

// Z2SeqMgr.o
80298288:startBattleBgm

//control.o 
8028c150:setMessageCode_inSequence

//JKRDvdRipper.o
802d8538:loadToMainRAM2

//dvdfs.o
8034bfec:DVDConvertPathToEntrynum

//d_meter2_info.o
804a41a0:g_meter2_info
//804bcb94:wZButtonPtr

//d_a_shop_item_static.o
803baf78:shopItemData

// d_msg_class.o
8021656c:getFontCCColorTable
80216614:getFontGCColorTable

//processor.o
8028c438:getResource_groupID

//d_msg_flow.o
80237700:query004
80237d94:query022
80237dc8:query023
80237e24:query025
80238468:query042
8023884c:event000
802399a4:event035
8023896c:event003
80239bf4:event041

//d_menu_window.o
801e044c:collect_save_open_init

//d_a_npc.o
8013a0d8:chkEvtBit
801410a4:chkEvtBitF

//resource.o
8028dad0:parseCharacter_1Byte

//d_a_player.o
80520c38:m_midnaActor

//d_camera.o
80167280:checkRide

//d_resource.o
8003f710:getResInfo

// JUTGamePad
// data
804a8fa0:mPadButton
804a9060:mPadMStick
804a90a0:mPadSStick

// c_counter
// data
804a53e0:g_Counter

// JUTConsoleManager
802e5d7c:draw

// mem.o
803ab34c:memmove

80520e35:sPauseTimer

CC008000:wgPipe